---
source: crates/poly-core/tests/mago.rs
expression: summary
---
[
    (
        "mago",
        "parse",
        Error,
    ),
    (
        "mago",
        "parse",
        Error,
    ),
    (
        "mago",
        "parse",
        Error,
    ),
    (
        "mago",
        "no-redundant-file",
        Hint,
    ),
]
