---
source: crates/poly-core/tests/quality.rs
expression: summary
---
[
    (
        "cyclomatic-complexity",
        Some(
            (
                11,
                1,
            ),
        ),
    ),
    (
        "cyclomatic-complexity",
        Some(
            (
                35,
                1,
            ),
        ),
    ),
    (
        "function-too-long",
        Some(
            (
                11,
                1,
            ),
        ),
    ),
    (
        "function-too-long",
        Some(
            (
                35,
                1,
            ),
        ),
    ),
    (
        "function-too-long",
        Some(
            (
                50,
                1,
            ),
        ),
    ),
    (
        "lazy-ignore",
        Some(
            (
                6,
                1,
            ),
        ),
    ),
    (
        "nesting-too-deep",
        Some(
            (
                18,
                25,
            ),
        ),
    ),
    (
        "too-many-parameters",
        Some(
            (
                7,
                1,
            ),
        ),
    ),
]
