---
source: crates/polylint-core/tests/malva.rs
expression: formatted
---
.container {
  display: flex;
  flex-direction: column;
  align-items: center;
  justify-content: space-between;
  padding: 0 20px;
  margin: 0 auto;
}
.button {
  background-color: #4caf50;
  color: white;
  padding: 15px 32px;
  border: none;
  cursor: pointer;
}
