---
source: crates/polylint-core/tests/oxc_fixtures.rs
expression: diags
---
[
    Diagnostic {
        engine: "oxc",
        code: Some(
            "parse-error",
        ),
        severity: Error,
        message: "Expected `:` but found `Identifier`",
        span: Some(
            Span {
                start_line: 3,
                start_col: 7,
                end_line: 3,
                end_col: 8,
            },
        ),
        fix: None,
        metadata: {},
    },
]
