---
source: crates/polylint-core/tests/ruff_engine.rs
expression: summary
---
[
    (
        "E711",
        Some(
            4,
        ),
    ),
    (
        "F401",
        Some(
            1,
        ),
    ),
    (
        "I001",
        Some(
            1,
        ),
    ),
    (
        "W605",
        Some(
            2,
        ),
    ),
]
