---
source: crates/polylint-core/tests/typos.rs
expression: summary
---
[
    (
        "typos",
        "typo",
        "`language` should be `language`",
        Some(
            (
                1,
                5,
            ),
        ),
    ),
    (
        "typos",
        "typo",
        "`receive` should be `receive`",
        Some(
            (
                1,
                21,
            ),
        ),
    ),
    (
        "typos",
        "typo",
        "`the` should be `the`",
        Some(
            (
                2,
                9,
            ),
        ),
    ),
    (
        "typos",
        "typo",
        "`occurrence` should be `occurrence`",
        Some(
            (
                2,
                13,
            ),
        ),
    ),
]
